tests/swagger.yaml:27 description should start with lower case character "Latitude component of location."
tests/swagger.yaml:33 description should start with lower case character "Longitude component of location."
tests/swagger.yaml:40 description should start with lower case character "An array of products"
tests/swagger.yaml:42 description should start with lower case character "The Products endpoint returns information about the Uber products offered at a given location."
tests/swagger.yaml:42 description should start with lower case character "Unexpected error"
tests/swagger.yaml:58 description should start with lower case character "Latitude component of start location."
tests/swagger.yaml:64 description should start with lower case character "Longitude component of start location."
tests/swagger.yaml:70 description should start with lower case character "Latitude component of end location."
tests/swagger.yaml:76 description should start with lower case character "Longitude component of end location."
tests/swagger.yaml:82 description should start with lower case character "A maximum number of lines in the produced json."
tests/swagger.yaml:89 description should start with lower case character "An array of price estimates by product"
tests/swagger.yaml:91 description should start with lower case character "The Price Estimates endpoint returns an estimated price range for each product offered at a given location. The price estimate is provided as a formatted string with the full price range and the localized currency symbol."
tests/swagger.yaml:91 description should start with lower case character "Unexpected error"
tests/swagger.yaml:104 description should start with lower case character "Latitude component of start location."
tests/swagger.yaml:110 description should start with lower case character "Longitude component of start location."
tests/swagger.yaml:115 description should start with lower case character "Unique customer identifier to be used for experience customization."
tests/swagger.yaml:119 description should start with lower case character "Unique identifier representing a specific product for a given latitude & longitude."
tests/swagger.yaml:126 description should start with lower case character "An array of products"
tests/swagger.yaml:128 description should start with lower case character "The Time Estimates endpoint returns ETAs for all products."
tests/swagger.yaml:128 description should start with lower case character "Unexpected error"
tests/swagger.yaml:145 description should start with verb in present tense (stem + "-s") "profile of a user to update"
tests/swagger.yaml:150 description should start with lower case character "Previous profile information for a user"
tests/swagger.yaml:152 description should start with lower case character "Update an User Profile."
tests/swagger.yaml:152 description should start with lower case character "Unexpected error"
tests/swagger.yaml:179 description should start with lower case character "Confirms that the information was uploaded."
tests/swagger.yaml:181 description should start with lower case character "Upload information about an User."
tests/swagger.yaml:181 description should start with lower case character "Unexpected error"
tests/swagger.yaml:196 description should start with lower case character "Offset the list of returned results by this amount. Default is zero."
tests/swagger.yaml:201 description should start with lower case character "Number of items to retrieve. Default is 5, maximum is 100."
tests/swagger.yaml:206 description should start with lower case character "History information for the given user"
tests/swagger.yaml:209 description should start with lower case character "The User Activity endpoint returns data about a user's lifetime activity with Uber. The response will include pickup locations and times, dropoff locations and times, the distance of past requests, and information about which products were requested."
tests/swagger.yaml:209 description should start with lower case character "Unexpected error"
tests/swagger.yaml:237 description should start with lower case character "Capacity of product. For example, 4 people."
tests/swagger.yaml:237 description should start with lower case character "Description of product."
tests/swagger.yaml:237 description should start with lower case character "Display name of product."
tests/swagger.yaml:237 description should start with lower case character "Image URL representing the product."
tests/swagger.yaml:237 description should start with lower case character "Unique identifier representing a specific product for a given latitude & longitude. For example, uberX in San Francisco will have a different product_id than uberX in Los Angeles."
tests/swagger.yaml:247 description should start with lower case character "Contains the list of products"
tests/swagger.yaml:289 description should start with alphanumeric character "[ISO 4217](http://en.wikipedia.org/wiki/ISO_4217) currency code."
tests/swagger.yaml:289 description should start with lower case character "Display name of product."
tests/swagger.yaml:289 description should start with lower case character "Formatted string of estimate in local currency of the start location. Estimate could be a range, a single number (flat rate) or "Metered" for TAXI."
tests/swagger.yaml:289 description should start with lower case character "Upper bound of the estimated price."
tests/swagger.yaml:289 description should start with lower case character "Lower bound of the estimated price."
tests/swagger.yaml:289 description should start with lower case character "Unique identifier representing a specific product for a given latitude & longitude. For example, uberX in San Francisco will have a different product_id than uberX in Los Angeles"
tests/swagger.yaml:289 description should start with lower case character "Expected surge multiplier. Surge is active if surge_multiplier is greater than 1. Price estimate already factors in the surge multiplier."
tests/swagger.yaml:315 description should start with lower case character "Email address of the Uber user"
tests/swagger.yaml:315 description should start with lower case character "First name of the Uber user."
tests/swagger.yaml:315 description should start with lower case character "Last name of the Uber user."
tests/swagger.yaml:315 description should start with lower case character "Image URL of the Uber user."
tests/swagger.yaml:315 description should start with lower case character "Promo code of the Uber user."
tests/swagger.yaml:323 description should start with lower case character "Unique identifier for the activity"
tests/swagger.yaml:346 description should start with lower case character "Total number of items available."
tests/swagger.yaml:346 description should start with lower case character "Number of items to retrieve (100 max)."
tests/swagger.yaml:346 description should start with lower case character "Position in pagination."